// Jest Snapshot v1, https://goo.gl/fbAQLP

exports[`Home component rendered properly 1`] = `
Array [
  .c0 {
  text-align: center;
}

@media (max-width:768px) {
  .c0 {
    display: none;
  }
}

@media (max-width:768px) {

}

<h2
    className="c0"
  />,
  .c0 {
  display: none;
}

@media (max-width:768px) {

}

@media (max-width:768px) {
  .c0 {
    display: block;
  }
}

<div
    className="c0"
  />,
]
`;
