// Jest Snapshot v1, https://goo.gl/fbAQLP

exports[`Radio button rendered properly 1`] = `
.c2 {
  vertical-align: sub;
  font-size: 0.7em;
  margin-right: 0.15em;
}

.c1 {
  border: solid 1px #1e3246;
  border-radius: 5px;
  padding: 5px;
}

.c1:invalid {
  background-color: beige;
}

.c1:disabled {
  background-color: #ddd;
}

.c0 {
  display: flex;
  gap: 10px;
}

@media (max-width: 480px) {
  .c1 {
    width: 100%;
  }
}

@media (max-width: 480px) {
  .c0 {
    align-self: flex-start;
  }
}

<div
  className="c0"
>
  <input
    checked={false}
    className="c1"
    data-testid="undefined-radio"
    name=""
    onChange={[Function]}
    type="radio"
  />
  <label>
    <span
      className="c2"
    />
  </label>
</div>
`;
