// Jest Snapshot v1, https://goo.gl/fbAQLP

exports[`Text sub rendered properly 1`] = `
.c0 {
  display: flex;
  gap: 0.5rem;
  align-items: center;
  justify-content: space-between;
}

@media (max-width: 480px) {
  .c0 {
    flex-direction: column;
    justify-content: center;
    gap: 0.25rem;
  }
}

<div
  className="c0"
/>
`;
