// Jest Snapshot v1, https://goo.gl/fbAQLP

exports[`Footer rendered properly 1`] = `
.c0 {
  text-align: center;
  margin: 0;
}

.c1 {
  color: #1e3246;
  padding: 0 25px;
  font-size: 14px;
}

.c2 {
  color: inherit;
  -webkit-transition: 0.5s ease-out;
  transition: 0.5s ease-out;
}

.c2:hover {
  color: crimson;
}

<footer
  className="c0"
>
  <p
    className="c1"
  >
    Copyright © 
    2022
     by 
    <a
      className="c2"
      href="https://home.cesarczyk.dev"
    >
      Cesarczyk.dev
    </a>
  </p>
</footer>
`;
