// Jest Snapshot v1, https://goo.gl/fbAQLP

exports[`FormSelect component rendering properly 1`] = `
.c0 {
  display: flex;
  gap: 0.5rem;
  align-items: center;
  justify-content: space-between;
}

.c1 {
  text-align: right;
}

.c2 {
  vertical-align: sub;
  font-size: 0.7em;
  margin-right: 0.15em;
}

.c3 {
  min-width: 16rem;
  border: solid 1px #1e3246;
  border-radius: 5px;
  padding: 5px;
}

@media (max-width: 480px) {
  .c0 {
    flex-direction: column;
    justify-content: center;
    gap: 0.25rem;
  }
}

@media (max-width: 480px) {
  .c1 {
    align-self: flex-start;
  }
}

@media (max-width: 480px) {
  .c3 {
    width: 100%;
  }
}

<div
  className="c0"
>
  <label
    className="c1"
  >
    <label>
      <span
        className="c2"
      />
    </label>
  </label>
  <select
    className="c3"
  >
    <option />
    <option>
      A
    </option>
    <option>
      B
    </option>
    <option>
      C
    </option>
    <option>
      D
    </option>
    <option>
      E
    </option>
    <option>
      F
    </option>
    <option>
      G
    </option>
    <option>
      H
    </option>
    <option>
      I
    </option>
  </select>
</div>
`;
