// Jest Snapshot v1, https://goo.gl/fbAQLP

exports[`Header rendered properly 1`] = `
.c0 {
  color: #fff;
  background-color: #1e3246;
  border-radius: 1.5rem;
  padding: 0.5rem 1.5rem;
  margin: 0 auto 10px auto;
  display: -webkit-box;
  display: -webkit-flex;
  display: -ms-flexbox;
  display: flex;
  -webkit-align-items: center;
  -webkit-box-align: center;
  -ms-flex-align: center;
  align-items: center;
}

.c2 {
  font-size: 2rem;
  font-weight: 300;
  font-family: 'Ubuntu',sans-serif;
  text-align: center;
  margin: 0;
}

.c1 {
  height: 1.5rem;
  margin-right: 1rem;
  background: transparent;
  border: none;
  color: inherit;
  display: none;
}

.c1:hover {
  -webkit-filter: brightness(0.8);
  filter: brightness(0.8);
}

.c1:active {
  -webkit-filter: unset;
  filter: unset;
}

.c1:focus {
  outline: none;
}

@media (max-width:768px) {
  .c1 {
    display: block;
  }
}

<header
  id="start"
>
  <div
    className="c0"
  >
    <button
      className="c1"
      onClick={[Function]}
    >
      <svg>
        hamburger-menu.svg
      </svg>
    </button>
    <h1
      className="c2"
    />
  </div>
</header>
`;
