// Jest Snapshot v1, https://goo.gl/fbAQLP

exports[`Header rendered properly 1`] = `
.c0 {
  color: #fff;
  background-color: #1e3246;
  border-radius: 1.5rem;
  padding: 0.5rem 1.5rem;
  margin: 0 auto 10px auto;
  display: -webkit-box;
  display: -webkit-flex;
  display: -ms-flexbox;
  display: flex;
  -webkit-align-items: center;
  -webkit-box-align: center;
  -ms-flex-align: center;
  align-items: center;
  -webkit-box-pack: justify;
  -webkit-justify-content: space-between;
  -ms-flex-pack: justify;
  justify-content: space-between;
}

.c5:hover {
  -webkit-filter: brightness(0.8);
  filter: brightness(0.8);
}

.c5:active {
  -webkit-filter: unset;
  filter: unset;
}

.c5:focus {
  outline: none;
}

.c6 {
  font-size: 2rem;
  font-weight: 300;
  font-family: 'Ubuntu',sans-serif;
  text-align: center;
  margin: 0;
}

.c2 {
  position: absolute;
  left: 0;
  top: 0;
  color: #1e3246;
  background-color: #fff;
  padding: 1rem;
  padding-top: 2rem;
  display: none;
}

.c3 {
  padding: 0;
  list-style: none;
}

.c4 {
  color: #fff;
  background-color: #1e3246;
  display: block;
  font-size: 1.25rem;
  border-radius: 1.5rem;
  padding: 0.5rem 1.5rem;
  margin: 1rem;
  font-weight: 400;
  font-family: 'Ubuntu',sans-serif;
  margin: 0 auto 0.75rem auto;
  -webkit-transition: all 0.3s ease-in-out;
  transition: all 0.3s ease-in-out;
  -webkit-transition: -webkit-transform 0.1s ease-in-out;
  -webkit-transition: transform 0.1s ease-in-out;
  transition: transform 0.1s ease-in-out;
}

.c4:hover {
  -webkit-filter: brightness(1.5);
  filter: brightness(1.5);
}

.c4:active {
  -webkit-filter: brightness(1);
  filter: brightness(1);
  -webkit-transform: scale(0.98);
  -ms-transform: scale(0.98);
  transform: scale(0.98);
}

.c1 {
  height: 1.5rem;
  margin: 0.5rem;
  margin-right: 1rem;
  background: transparent;
  border: none;
  color: inherit;
  display: none;
}

.c1:hover {
  -webkit-filter: brightness(0.8);
  filter: brightness(0.8);
}

.c1:active {
  -webkit-filter: unset;
  filter: unset;
}

.c1:focus {
  outline: none;
}

.c7 {
  display: -webkit-box;
  display: -webkit-flex;
  display: -ms-flexbox;
  display: flex;
}

.c8 {
  color: #1e3246;
  background-color: #fff;
  border: 2px solid #1e3246;
  border-radius: 2px;
}

.c8:hover {
  -webkit-filter: brightness(125%);
  filter: brightness(125%);
}

.c8:active {
  -webkit-filter: brightness(150%);
  filter: brightness(150%);
}

@media (max-width:768px) {
  .c0 {
    border-radius: 0;
    margin: 0 0 10px 0;
    padding: 0.5rem;
  }
}

@media (max-width:768px) {
  .c6 {
    font-size: 1.5rem;
  }
}

@media (max-width:768px) {

}

@media (max-width:768px) {
  .c1 {
    display: block;
    margin: 0.5rem;
  }
}

@media (max-width:480px) {
  .c1 {
    margin: 0;
  }
}

@media (max-width:576px) {
  .c7 {
    -webkit-flex-direction: column;
    -ms-flex-direction: column;
    flex-direction: column;
  }
}

<header
  id="start"
>
  <div
    className="c0"
  >
    <button
      className="c1"
      onClick={[Function]}
    >
      <svg>
        hamburger-menu.svg
      </svg>
    </button>
    <div
      className="c2"
    >
      <button
        className="c1"
        onClick={[Function]}
      >
        <svg>
          hamburger-menu.svg
        </svg>
      </button>
      <ul
        className="c3"
      >
        <li>
          <a
            className="c4"
            href="/surface-speed"
            onClick={[Function]}
          />
        </li>
        <li>
          <a
            className="c4"
            href="/spindle-speed"
            onClick={[Function]}
          />
        </li>
        <li>
          <a
            className="c4"
            href="/feedrate"
            onClick={[Function]}
          />
        </li>
        <li>
          <a
            className="c4"
            href="/tapping-feed"
            onClick={[Function]}
          />
        </li>
      </ul>
    </div>
    <a
      className="c5"
      href="/"
      onClick={[Function]}
    >
      <h1
        className="c6"
      />
    </a>
    <div
      className="c7"
    >
      <button
        className="c8"
        onClick={[Function]}
        style={
          Object {
            "backgroundImage": "url(flagUS.png)",
            "backgroundPosition": "center center",
            "backgroundRepeat": "no-repeat",
            "backgroundSize": "cover",
          }
        }
      >
        EN
      </button>
      <button
        className="c8"
        onClick={[Function]}
        style={
          Object {
            "backgroundImage": "url(flagPL.png)",
            "backgroundPosition": "center center",
            "backgroundRepeat": "no-repeat",
            "backgroundSize": "cover",
          }
        }
      >
        PL
      </button>
    </div>
  </div>
</header>
`;
