// Jest Snapshot v1, https://goo.gl/fbAQLP

exports[`Footer rendered properly 1`] = `
.c2 {
  color: inherit;
}

.c0 {
  margin: 30px 0px;
}

.c1 {
  color: #1e3246;
  padding: 0 25px;
  font-size: 14px;
}

<footer
  className="c0"
>
  <p
    className="c1"
  >
    Copyright © 
    2022
     by 
    <a
      className="c2"
      href="mailto:michal.cesarczyk@gmail.com"
      onMouseEnter={[Function]}
      onMouseLeave={[Function]}
    >
      Michał Cesarczyk
    </a>
  </p>
</footer>
`;
