// Jest Snapshot v1, https://goo.gl/fbAQLP

exports[`Form Buttons with states rendering properly 1`] = `
.c0 {
  display: flex;
  min-width: 12rem;
  width: 100%;
  justify-content: center;
  color: #fff;
  background-color: #1e3246;
  border: solid #1e3246;
  padding: 0.25rem;
  border-radius: 1.5rem;
}

.c0:hover {
  filter: brightness(150%);
}

.c0:active {
  filter: brightness(200%);
  border-color: currentColor;
}

<button
  className="c0"
/>
`;
