// Jest Snapshot v1, https://goo.gl/fbAQLP

exports[`Form Footer rendered properly 1`] = `
.c0 {
  max-width: 30rem;
  margin: 0 auto;
  display: -webkit-box;
  display: -webkit-flex;
  display: -ms-flexbox;
  display: flex;
  -webkit-box-pack: center;
  -webkit-justify-content: center;
  -ms-flex-pack: center;
  justify-content: center;
  gap: 0.75rem;
}

@media (max-width:480px) {
  .c0 {
    -webkit-flex-direction: column;
    -ms-flex-direction: column;
    flex-direction: column;
    -webkit-align-items: stretch;
    -webkit-box-align: stretch;
    -ms-flex-align: stretch;
    align-items: stretch;
  }
}

<div
  className="c0"
/>
`;

exports[`Form component rendering properly 1`] = `
.c0 {
  color: #1e3246;
  margin-bottom: 2rem;
}

.c1 {
  border-radius: 2rem;
  padding: 1rem;
}

.c2 {
  text-align: center;
  margin: 0.5rem;
}

.c3 {
  display: grid;
  -webkit-box-pack: center;
  -webkit-justify-content: center;
  -ms-flex-pack: center;
  justify-content: center;
  gap: 1rem;
  margin-bottom: 1.5rem;
}

@media (max-width:480px) {
  .c3 {
    gap: 0.5rem;
  }
}

<form
  className="c0"
>
  <fieldset
    className="c1"
  >
    <legend
      className="c2"
    />
    <div
      className="c3"
    />
  </fieldset>
</form>
`;
