// Jest Snapshot v1, https://goo.gl/fbAQLP

exports[`List item rendered properly 1`] = `
.c0 {
  color: #fff;
  background-color: #1e3246;
  display: block;
  font-size: 1.25rem;
  border-radius: 1.5rem;
  padding: 0.5rem 1.5rem;
  margin: 1rem;
  font-weight: 400;
  font-family: 'Ubuntu',sans-serif;
  margin: 0 auto 0.75rem auto;
  -webkit-transition: all 0.3s ease-in-out;
  transition: all 0.3s ease-in-out;
  -webkit-transition: -webkit-transform 0.1s ease-in-out;
  -webkit-transition: transform 0.1s ease-in-out;
  transition: transform 0.1s ease-in-out;
}

.c0:hover {
  -webkit-filter: brightness(1.5);
  filter: brightness(1.5);
}

.c0:active {
  -webkit-filter: brightness(1);
  filter: brightness(1);
  -webkit-transform: scale(0.98);
  -ms-transform: scale(0.98);
  transform: scale(0.98);
}

<a
  className="c0"
  href="/"
  onClick={[Function]}
/>
`;

exports[`Navigation list rendered properly 1`] = `
.c0 {
  padding: 0;
  list-style: none;
  margin-top: 6rem;
}

<ul
  className="c0"
/>
`;
