// Jest Snapshot v1, https://goo.gl/fbAQLP

exports[`Form buttons rendered properly 1`] = `
.c0 {
  display: -webkit-box;
  display: -webkit-flex;
  display: -ms-flexbox;
  display: flex;
  -webkit-box-pack: center;
  -webkit-justify-content: center;
  -ms-flex-pack: center;
  justify-content: center;
  gap: 10px;
}

.c1 {
  display: -webkit-box;
  display: -webkit-flex;
  display: -ms-flexbox;
  display: flex;
  -webkit-flex-basis: 200px;
  -ms-flex-preferred-size: 200px;
  flex-basis: 200px;
  -webkit-box-pack: center;
  -webkit-justify-content: center;
  -ms-flex-pack: center;
  justify-content: center;
  color: #fff;
  background-color: #1e3246;
  border: solid #1e3246;
  padding: 5px;
  border-radius: 20px;
  color: #19aa6e;
}

.c1:hover {
  -webkit-filter: brightness(150%);
  filter: brightness(150%);
}

.c1:active {
  -webkit-filter: brightness(200%);
  filter: brightness(200%);
  border-color: currentColor;
}

.c2 {
  display: -webkit-box;
  display: -webkit-flex;
  display: -ms-flexbox;
  display: flex;
  -webkit-flex-basis: 200px;
  -ms-flex-preferred-size: 200px;
  flex-basis: 200px;
  -webkit-box-pack: center;
  -webkit-justify-content: center;
  -ms-flex-pack: center;
  justify-content: center;
  color: #fff;
  background-color: #1e3246;
  border: solid #1e3246;
  padding: 5px;
  border-radius: 20px;
  color: #dc3223;
}

.c2:hover {
  -webkit-filter: brightness(150%);
  filter: brightness(150%);
}

.c2:active {
  -webkit-filter: brightness(200%);
  filter: brightness(200%);
  border-color: currentColor;
}

<div
  className="c0"
>
  <button
    className="c1"
    type="submit"
  />
  <button
    className="c2"
    type="reset"
  />
</div>
`;
