// Jest Snapshot v1, https://goo.gl/fbAQLP

exports[`Input component rendering properly 1`] = `
.c0 {
  min-width: 200px;
  border: solid 1px #1e3246;
  border-radius: 5px;
  padding: 5px;
}

.c0:invalid {
  background-color: beige;
}

.c0:disabled {
  background-color: #ddd;
}

@media (max-width:480px) {
  .c0 {
    width: 100%;
  }
}

<input
  className="c0"
/>
`;
