// Jest Snapshot v1, https://goo.gl/fbAQLP

exports[`FeedOptionSelector component rendering properly 1`] = `
.c2 {
  vertical-align: sub;
  font-size: 0.7em;
  margin-right: 0.15em;
}

.c1 {
  display: flex;
  gap: 10px;
}

.c0 {
  display: flex;
  gap: 0.5rem;
  align-items: center;
  justify-content: space-between;
}

.c3 {
  min-width: 16rem;
  border: solid 1px #1e3246;
  border-radius: 5px;
  padding: 5px;
}

.c3:invalid {
  background-color: beige;
}

.c3:disabled {
  background-color: #ddd;
}

@media (max-width: 480px) {
  .c1 {
    align-self: flex-start;
  }
}

@media (max-width: 480px) {
  .c0 {
    flex-direction: column;
    justify-content: center;
    gap: 0.25rem;
  }
}

@media (max-width: 480px) {
  .c3 {
    width: 100%;
  }
}

<div
  className="c0"
>
  <div
    className="c1"
  >
    <input
      checked={true}
      data-testid="undefined-radio"
      type="radio"
    />
    <label>
      <span
        className="c2"
      />
    </label>
  </div>
  <input
    className="c3"
  />
</div>
`;
